** Drc report for PV-THT-V2-CANONICAL.kicad_pcb **
** Created on 2026-04-20T13:22:41 **
** Report includes: Errors, Warnings, Exclusions **

** Found 185 DRC violations **
[silk_edge_clearance]: Silkscreen clipped by board edge
    Rule: board setup constraints silk; warning
    @(164.0000 mm, 119.0000 mm): Rectangle on Edge.Cuts
    @(174.0000 mm, 119.0000 mm): Segment on F.Silkscreen
[silk_edge_clearance]: Silkscreen clipped by board edge
    Rule: board setup constraints silk; warning
    @(164.0000 mm, 119.0000 mm): Rectangle on Edge.Cuts
    @(214.0000 mm, 119.0000 mm): Segment on F.Silkscreen
[lib_footprint_mismatch]: Footprint 'WireHole_1.1mm' does not match copy in library 'PowerVerify'
    Local override; warning
    @(170.0000 mm, 133.6200 mm): Footprint WH4
[lib_footprint_mismatch]: Footprint 'WireHole_1.1mm' does not match copy in library 'PowerVerify'
    Local override; warning
    @(170.0000 mm, 131.0800 mm): Footprint WH3
[lib_footprint_mismatch]: Footprint 'R_Axial_DIN0207_L6.3mm_D2.5mm_P7.62mm_Horizontal' does not match copy in library 'Resistor_THT'
    Local override; warning
    @(202.0000 mm, 134.0000 mm): Footprint R12
[lib_footprint_mismatch]: Footprint 'LED_D3.0mm' does not match copy in library 'LED_THT'
    Local override; warning
    @(214.0000 mm, 126.0000 mm): Footprint LED4
[lib_footprint_mismatch]: Footprint 'LED_D3.0mm' does not match copy in library 'LED_THT'
    Local override; warning
    @(202.0000 mm, 126.0000 mm): Footprint LED7
[lib_footprint_mismatch]: Footprint 'TestPoint_Pad_2.0x2.0mm' does not match copy in library 'TestPoint'
    Local override; warning
    @(202.5000 mm, 148.0000 mm): Footprint TP3
[lib_footprint_mismatch]: Footprint 'R_Axial_DIN0207_L6.3mm_D2.5mm_P7.62mm_Horizontal' does not match copy in library 'Resistor_THT'
    Local override; warning
    @(171.5000 mm, 145.0000 mm): Footprint R5
[lib_footprint_mismatch]: Footprint 'R_Axial_DIN0207_L6.3mm_D2.5mm_P7.62mm_Horizontal' does not match copy in library 'Resistor_THT'
    Local override; warning
    @(201.5000 mm, 145.0000 mm): Footprint R7
[lib_footprint_mismatch]: Footprint 'MountingHole_3.2mm_M3' does not match copy in library 'MountingHole'
    Local override; warning
    @(167.0000 mm, 148.0000 mm): Footprint H3
[lib_footprint_mismatch]: Footprint 'D_DO-15_P12.70mm_Horizontal' does not match copy in library 'Diode_THT'
    Local override; warning
    @(179.0000 mm, 141.0000 mm): Footprint D3
[lib_footprint_mismatch]: Footprint 'R_Axial_DIN0207_L6.3mm_D2.5mm_P7.62mm_Horizontal' does not match copy in library 'Resistor_THT'
    Local override; warning
    @(220.0000 mm, 134.0000 mm): Footprint R10
[lib_footprint_mismatch]: Footprint 'WireHole_1.1mm' does not match copy in library 'PowerVerify'
    Local override; warning
    @(246.0000 mm, 138.7000 mm): Footprint WH12
[lib_footprint_mismatch]: Footprint 'R_Axial_DIN0207_L6.3mm_D2.5mm_P7.62mm_Horizontal' does not match copy in library 'Resistor_THT'
    Local override; warning
    @(214.0000 mm, 134.0000 mm): Footprint R9
[lib_footprint_mismatch]: Footprint 'MountingHole_3.2mm_M3' does not match copy in library 'MountingHole'
    Local override; warning
    @(249.0000 mm, 122.0000 mm): Footprint H2
[lib_footprint_mismatch]: Footprint 'R_Axial_DIN0207_L6.3mm_D2.5mm_P7.62mm_Horizontal' does not match copy in library 'Resistor_THT'
    Local override; warning
    @(186.5000 mm, 145.0000 mm): Footprint R6
[lib_footprint_mismatch]: Footprint 'WireHole_1.1mm' does not match copy in library 'PowerVerify'
    Local override; warning
    @(170.0000 mm, 136.1600 mm): Footprint WH5
[lib_footprint_issues]: Footprint 'L_Axial_P7.62mm' not found in library 'Inductor_THT'
    Local override; warning
    @(193.0000 mm, 141.0000 mm): Footprint FB1
[lib_footprint_mismatch]: Footprint 'WireHole_1.1mm' does not match copy in library 'PowerVerify'
    Local override; warning
    @(170.0000 mm, 138.7000 mm): Footprint WH6
[lib_footprint_mismatch]: Footprint 'R_Axial_DIN0207_L6.3mm_D2.5mm_P7.62mm_Horizontal' does not match copy in library 'Resistor_THT'
    Local override; warning
    @(231.5000 mm, 141.0000 mm): Footprint R3
[lib_footprint_mismatch]: Footprint 'MountingHole_3.2mm_M3' does not match copy in library 'MountingHole'
    Local override; warning
    @(167.0000 mm, 122.0000 mm): Footprint H1
[lib_footprint_mismatch]: Footprint 'WireHole_1.1mm' does not match copy in library 'PowerVerify'
    Local override; warning
    @(246.0000 mm, 133.6200 mm): Footprint WH10
[lib_footprint_mismatch]: Footprint 'WireHole_1.1mm' does not match copy in library 'PowerVerify'
    Local override; warning
    @(246.0000 mm, 131.0800 mm): Footprint WH9
[lib_footprint_mismatch]: Footprint 'WireHole_1.1mm' does not match copy in library 'PowerVerify'
    Local override; warning
    @(246.0000 mm, 136.1600 mm): Footprint WH11
[lib_footprint_mismatch]: Footprint 'R_Axial_DIN0207_L6.3mm_D2.5mm_P7.62mm_Horizontal' does not match copy in library 'Resistor_THT'
    Local override; warning
    @(237.5000 mm, 141.0000 mm): Footprint R4
[lib_footprint_mismatch]: Footprint 'TestPoint_Pad_2.0x2.0mm' does not match copy in library 'TestPoint'
    Local override; warning
    @(228.5000 mm, 148.5000 mm): Footprint TP5
[lib_footprint_mismatch]: Footprint 'TestPoint_Pad_2.0x2.0mm' does not match copy in library 'TestPoint'
    Local override; warning
    @(241.0000 mm, 148.0000 mm): Footprint TP6
[lib_footprint_mismatch]: Footprint 'MountingHole_3.2mm_M3' does not match copy in library 'MountingHole'
    Local override; warning
    @(249.0000 mm, 148.0000 mm): Footprint H4
[lib_footprint_mismatch]: Footprint 'TestPoint_Pad_2.0x2.0mm' does not match copy in library 'TestPoint'
    Local override; warning
    @(176.5000 mm, 148.0000 mm): Footprint TP1
[lib_footprint_mismatch]: Footprint 'LED_D3.0mm' does not match copy in library 'LED_THT'
    Local override; warning
    @(208.0000 mm, 126.0000 mm): Footprint LED3
[lib_footprint_mismatch]: Footprint 'R_Axial_DIN0207_L6.3mm_D2.5mm_P7.62mm_Horizontal' does not match copy in library 'Resistor_THT'
    Local override; warning
    @(190.0000 mm, 134.0000 mm): Footprint R1
[lib_footprint_mismatch]: Footprint 'LED_D3.0mm' does not match copy in library 'LED_THT'
    Local override; warning
    @(220.0000 mm, 126.0000 mm): Footprint LED5
[lib_footprint_mismatch]: Footprint 'TestPoint_Pad_2.0x2.0mm' does not match copy in library 'TestPoint'
    Local override; warning
    @(215.5000 mm, 149.0000 mm): Footprint TP4
[lib_footprint_mismatch]: Footprint 'SOIC-8_3.9x4.9mm_P1.27mm' does not match copy in library 'Package_SO'
    Local override; warning
    @(214.0000 mm, 141.0000 mm): Footprint U1
[lib_footprint_mismatch]: Footprint 'WireHole_1.1mm' does not match copy in library 'PowerVerify'
    Local override; warning
    @(246.0000 mm, 126.0000 mm): Footprint WH7
[lib_footprint_mismatch]: Footprint 'LED_D3.0mm' does not match copy in library 'LED_THT'
    Local override; warning
    @(226.0000 mm, 126.0000 mm): Footprint LED6
[lib_footprint_mismatch]: Footprint 'TestPoint_Pad_2.0x2.0mm' does not match copy in library 'TestPoint'
    Local override; warning
    @(189.5000 mm, 148.0000 mm): Footprint TP2
[lib_footprint_mismatch]: Footprint 'R_Axial_DIN0207_L6.3mm_D2.5mm_P7.62mm_Horizontal' does not match copy in library 'Resistor_THT'
    Local override; warning
    @(226.0000 mm, 134.0000 mm): Footprint R11
[lib_footprint_mismatch]: Footprint 'R_Axial_DIN0207_L6.3mm_D2.5mm_P7.62mm_Horizontal' does not match copy in library 'Resistor_THT'
    Local override; warning
    @(208.0000 mm, 134.0000 mm): Footprint R8
[lib_footprint_mismatch]: Footprint 'LED_D3.0mm' does not match copy in library 'LED_THT'
    Local override; warning
    @(190.0000 mm, 126.0000 mm): Footprint LED1
[lib_footprint_mismatch]: Footprint 'R_Axial_DIN0207_L6.3mm_D2.5mm_P7.62mm_Horizontal' does not match copy in library 'Resistor_THT'
    Local override; warning
    @(196.0000 mm, 134.0000 mm): Footprint R2
[lib_footprint_mismatch]: Footprint 'WireHole_1.1mm' does not match copy in library 'PowerVerify'
    Local override; warning
    @(246.0000 mm, 128.5400 mm): Footprint WH8
[lib_footprint_mismatch]: Footprint 'D_DO-41_SOD81_P7.62mm_Horizontal' does not match copy in library 'Diode_THT'
    Local override; warning
    @(203.0000 mm, 141.0000 mm): Footprint D1
[lib_footprint_mismatch]: Footprint 'LED_D3.0mm' does not match copy in library 'LED_THT'
    Local override; warning
    @(196.0000 mm, 126.0000 mm): Footprint LED2
[lib_footprint_mismatch]: Footprint 'WireHole_1.1mm' does not match copy in library 'PowerVerify'
    Local override; warning
    @(170.0000 mm, 126.0000 mm): Footprint WH1
[lib_footprint_mismatch]: Footprint 'WireHole_1.1mm' does not match copy in library 'PowerVerify'
    Local override; warning
    @(170.0000 mm, 128.5400 mm): Footprint WH2
[text_thickness]: Text thickness out of range (board setup constraints silk text thickness min thickness 0.0800 mm; actual 0.0625 mm)
    Rule: board setup constraints silk text thickness; warning
    @(190.0000 mm, 123.5000 mm): PCB text 'PWR' on F.Silkscreen
[text_height]: Text height out of range (board setup constraints silk text height min height 0.8000 mm; actual 0.5000 mm)
    Rule: board setup constraints silk text height; warning
    @(190.0000 mm, 123.5000 mm): PCB text 'PWR' on F.Silkscreen
[text_thickness]: Text thickness out of range (board setup constraints silk text thickness min thickness 0.0800 mm; actual 0.0625 mm)
    Rule: board setup constraints silk text thickness; warning
    @(195.0000 mm, 155.5000 mm): PCB text 'TP: VB_IN  VBUS  GND  D+  D-  PG' on F.Silkscreen
[text_height]: Text height out of range (board setup constraints silk text height min height 0.8000 mm; actual 0.5000 mm)
    Rule: board setup constraints silk text height; warning
    @(195.0000 mm, 155.5000 mm): PCB text 'TP: VB_IN  VBUS  GND  D+  D-  PG' on F.Silkscreen
[text_thickness]: Text thickness out of range (board setup constraints silk text thickness min thickness 0.0800 mm; actual 0.0625 mm)
    Rule: board setup constraints silk text thickness; warning
    @(196.0000 mm, 123.0000 mm): PCB text 'DATA' on F.Silkscreen
[text_height]: Text height out of range (board setup constraints silk text height min height 0.8000 mm; actual 0.5000 mm)
    Rule: board setup constraints silk text height; warning
    @(196.0000 mm, 123.0000 mm): PCB text 'DATA' on F.Silkscreen
[text_thickness]: Text thickness out of range (board setup constraints silk text thickness min thickness 0.0800 mm; actual 0.0625 mm)
    Rule: board setup constraints silk text thickness; warning
    @(196.0000 mm, 124.0000 mm): PCB text 'BLK' on F.Silkscreen
[text_height]: Text height out of range (board setup constraints silk text height min height 0.8000 mm; actual 0.5000 mm)
    Rule: board setup constraints silk text height; warning
    @(196.0000 mm, 124.0000 mm): PCB text 'BLK' on F.Silkscreen
[text_thickness]: Text thickness out of range (board setup constraints silk text thickness min thickness 0.0800 mm; actual 0.0625 mm)
    Rule: board setup constraints silk text thickness; warning
    @(202.0000 mm, 123.5000 mm): PCB text 'PG' on F.Silkscreen
[text_height]: Text height out of range (board setup constraints silk text height min height 0.8000 mm; actual 0.5000 mm)
    Rule: board setup constraints silk text height; warning
    @(202.0000 mm, 123.5000 mm): PCB text 'PG' on F.Silkscreen
[text_thickness]: Text thickness out of range (board setup constraints silk text thickness min thickness 0.0800 mm; actual 0.0625 mm)
    Rule: board setup constraints silk text thickness; warning
    @(208.0000 mm, 123.5000 mm): PCB text '5V' on F.Silkscreen
[text_height]: Text height out of range (board setup constraints silk text height min height 0.8000 mm; actual 0.5000 mm)
    Rule: board setup constraints silk text height; warning
    @(208.0000 mm, 123.5000 mm): PCB text '5V' on F.Silkscreen
[text_thickness]: Text thickness out of range (board setup constraints silk text thickness min thickness 0.0800 mm; actual 0.0625 mm)
    Rule: board setup constraints silk text thickness; warning
    @(213.0000 mm, 123.5000 mm): PCB text '9V' on F.Silkscreen
[text_height]: Text height out of range (board setup constraints silk text height min height 0.8000 mm; actual 0.5000 mm)
    Rule: board setup constraints silk text height; warning
    @(213.0000 mm, 123.5000 mm): PCB text '9V' on F.Silkscreen
[text_thickness]: Text thickness out of range (board setup constraints silk text thickness min thickness 0.0800 mm; actual 0.0625 mm)
    Rule: board setup constraints silk text thickness; warning
    @(220.0000 mm, 123.5000 mm): PCB text '12V' on F.Silkscreen
[text_height]: Text height out of range (board setup constraints silk text height min height 0.8000 mm; actual 0.5000 mm)
    Rule: board setup constraints silk text height; warning
    @(220.0000 mm, 123.5000 mm): PCB text '12V' on F.Silkscreen
[text_thickness]: Text thickness out of range (board setup constraints silk text thickness min thickness 0.0800 mm; actual 0.0625 mm)
    Rule: board setup constraints silk text thickness; warning
    @(225.5000 mm, 123.5000 mm): PCB text '20V' on F.Silkscreen
[text_height]: Text height out of range (board setup constraints silk text height min height 0.8000 mm; actual 0.5000 mm)
    Rule: board setup constraints silk text height; warning
    @(225.5000 mm, 123.5000 mm): PCB text '20V' on F.Silkscreen
[text_thickness]: Text thickness out of range (board setup constraints silk text thickness min thickness 0.0800 mm; actual 0.0625 mm)
    Rule: board setup constraints silk text thickness; warning
    @(235.0000 mm, 127.5000 mm): PCB text 'SMD V2' on F.Silkscreen
[text_height]: Text height out of range (board setup constraints silk text height min height 0.8000 mm; actual 0.5000 mm)
    Rule: board setup constraints silk text height; warning
    @(235.0000 mm, 127.5000 mm): PCB text 'SMD V2' on F.Silkscreen
[text_height]: Text height out of range (board setup constraints silk text height min height 0.8000 mm; actual 0.5000 mm)
    Rule: board setup constraints silk text height; warning
    @(187.5000 mm, 120.5000 mm): PCB text 'TM' on F.Silkscreen
[text_thickness]: Text thickness out of range (board setup constraints silk text thickness min thickness 0.0800 mm; actual 0.0750 mm)
    Rule: board setup constraints silk text thickness; warning
    @(182.0000 mm, 134.5000 mm): PCB text 'D+/D- NC BY DESIGN' on F.Silkscreen
[text_height]: Text height out of range (board setup constraints silk text height min height 0.8000 mm; actual 0.6000 mm)
    Rule: board setup constraints silk text height; warning
    @(182.0000 mm, 134.5000 mm): PCB text 'D+/D- NC BY DESIGN' on F.Silkscreen
[text_thickness]: Text thickness out of range (board setup constraints silk text thickness min thickness 0.0800 mm; actual 0.0750 mm)
    Rule: board setup constraints silk text thickness; warning
    @(194.0000 mm, 120.5000 mm): PCB text '——— ——— ———>' on F.Silkscreen
[text_height]: Text height out of range (board setup constraints silk text height min height 0.8000 mm; actual 0.6000 mm)
    Rule: board setup constraints silk text height; warning
    @(194.0000 mm, 120.5000 mm): PCB text '——— ——— ———>' on F.Silkscreen
[text_thickness]: Text thickness out of range (board setup constraints silk text thickness min thickness 0.0800 mm; actual 0.0750 mm)
    Rule: board setup constraints silk text thickness; warning
    @(235.0000 mm, 124.5000 mm): PCB text 'TAMPER' on F.Silkscreen
[text_height]: Text height out of range (board setup constraints silk text height min height 0.8000 mm; actual 0.6000 mm)
    Rule: board setup constraints silk text height; warning
    @(235.0000 mm, 124.5000 mm): PCB text 'TAMPER' on F.Silkscreen
[text_thickness]: Text thickness out of range (board setup constraints silk text thickness min thickness 0.0800 mm; actual 0.0750 mm)
    Rule: board setup constraints silk text thickness; warning
    @(235.0000 mm, 126.0000 mm): PCB text 'SENSE' on F.Silkscreen
[text_height]: Text height out of range (board setup constraints silk text height min height 0.8000 mm; actual 0.6000 mm)
    Rule: board setup constraints silk text height; warning
    @(235.0000 mm, 126.0000 mm): PCB text 'SENSE' on F.Silkscreen
[text_height]: Text height out of range (board setup constraints silk text height min height 0.8000 mm; actual 0.7000 mm)
    Rule: board setup constraints silk text height; warning
    @(181.5000 mm, 132.5000 mm): PCB text 'ZKNOT.IO' on F.Silkscreen
[text_height]: Text height out of range (board setup constraints silk text height min height 0.8000 mm; actual 0.7000 mm)
    Rule: board setup constraints silk text height; warning
    @(181.5000 mm, 131.0000 mm): PCB text 'SAFE POWER ONLY' on F.Silkscreen
[text_thickness]: Text thickness out of range (board setup constraints silk text thickness min thickness 0.0800 mm; actual 0.0625 mm)
    Rule: board setup constraints silk text thickness; warning
    @(169.0000 mm, 144.5000 mm): PCB text 'VB GND D+ D- C1 C2' on B.Silkscreen
[text_height]: Text height out of range (board setup constraints silk text height min height 0.8000 mm; actual 0.5000 mm)
    Rule: board setup constraints silk text height; warning
    @(169.0000 mm, 144.5000 mm): PCB text 'VB GND D+ D- C1 C2' on B.Silkscreen
[text_thickness]: Text thickness out of range (board setup constraints silk text thickness min thickness 0.0800 mm; actual 0.0625 mm)
    Rule: board setup constraints silk text thickness; warning
    @(219.0000 mm, 144.5000 mm): PCB text 'VB GND D+ D- C1 C2' on B.Silkscreen
[text_height]: Text height out of range (board setup constraints silk text height min height 0.8000 mm; actual 0.5000 mm)
    Rule: board setup constraints silk text height; warning
    @(219.0000 mm, 144.5000 mm): PCB text 'VB GND D+ D- C1 C2' on B.Silkscreen
[text_thickness]: Text thickness out of range (board setup constraints silk text thickness min thickness 0.0800 mm; actual 0.0750 mm)
    Rule: board setup constraints silk text thickness; warning
    @(169.0000 mm, 143.0000 mm): PCB text 'SOURCE WIRES' on B.Silkscreen
[text_height]: Text height out of range (board setup constraints silk text height min height 0.8000 mm; actual 0.6000 mm)
    Rule: board setup constraints silk text height; warning
    @(169.0000 mm, 143.0000 mm): PCB text 'SOURCE WIRES' on B.Silkscreen
[text_thickness]: Text thickness out of range (board setup constraints silk text thickness min thickness 0.0800 mm; actual 0.0750 mm)
    Rule: board setup constraints silk text thickness; warning
    @(219.0000 mm, 143.0000 mm): PCB text 'DEVICE WIRES' on B.Silkscreen
[text_height]: Text height out of range (board setup constraints silk text height min height 0.8000 mm; actual 0.6000 mm)
    Rule: board setup constraints silk text height; warning
    @(219.0000 mm, 143.0000 mm): PCB text 'DEVICE WIRES' on B.Silkscreen
[text_height]: Text height out of range (board setup constraints silk text height min height 0.8000 mm; actual 0.6500 mm)
    Rule: board setup constraints silk text height; warning
    @(194.0000 mm, 127.0000 mm): PCB text 'Your charger can't spy through this.' on B.Silkscreen
[text_height]: Text height out of range (board setup constraints silk text height min height 0.8000 mm; actual 0.6500 mm)
    Rule: board setup constraints silk text height; warning
    @(194.0000 mm, 128.5000 mm): PCB text 'Data lines physically absent.' on B.Silkscreen
[text_height]: Text height out of range (board setup constraints silk text height min height 0.8000 mm; actual 0.6500 mm)
    Rule: board setup constraints silk text height; warning
    @(194.0000 mm, 130.0000 mm): PCB text 'Verify at verifyknot.io' on B.Silkscreen
[text_height]: Text height out of range (board setup constraints silk text height min height 0.8000 mm; actual 0.6500 mm)
    Rule: board setup constraints silk text height; warning
    @(194.0000 mm, 131.5000 mm): PCB text 'Designed for verification.' on B.Silkscreen
[text_height]: Text height out of range (board setup constraints silk text height min height 0.8000 mm; actual 0.6500 mm)
    Rule: board setup constraints silk text height; warning
    @(194.0000 mm, 141.0000 mm): PCB text 'Patent Pending' on B.Silkscreen
[text_height]: Text height out of range (board setup constraints silk text height min height 0.8000 mm; actual 0.7000 mm)
    Rule: board setup constraints silk text height; warning
    @(182.0000 mm, 135.0000 mm): PCB text 'S/N: PV-C-' on B.Silkscreen
[text_height]: Text height out of range (board setup constraints silk text height min height 0.8000 mm; actual 0.7000 mm)
    Rule: board setup constraints silk text height; warning
    @(194.0000 mm, 125.0000 mm): PCB text 'When physics is policy, trust is optional.' on B.Silkscreen
[text_thickness]: Text thickness out of range (board setup constraints silk text thickness min thickness 0.0800 mm; actual 0.0750 mm)
    Rule: board setup constraints silk text thickness; warning
    @(167.5000 mm, 133.5000 mm): Reference field of WH4
[text_height]: Text height out of range (board setup constraints silk text height min height 0.8000 mm; actual 0.6000 mm)
    Rule: board setup constraints silk text height; warning
    @(167.5000 mm, 133.5000 mm): Reference field of WH4
[text_thickness]: Text thickness out of range (board setup constraints silk text thickness min thickness 0.0800 mm; actual 0.0750 mm)
    Rule: board setup constraints silk text thickness; warning
    @(173.5000 mm, 133.5000 mm): Value field of WH4 (DM_SRC)
[text_height]: Text height out of range (board setup constraints silk text height min height 0.8000 mm; actual 0.6000 mm)
    Rule: board setup constraints silk text height; warning
    @(173.5000 mm, 133.5000 mm): Value field of WH4 (DM_SRC)
[text_thickness]: Text thickness out of range (board setup constraints silk text thickness min thickness 0.0800 mm; actual 0.0750 mm)
    Rule: board setup constraints silk text thickness; warning
    @(167.5000 mm, 131.0000 mm): Reference field of WH3
[text_height]: Text height out of range (board setup constraints silk text height min height 0.8000 mm; actual 0.6000 mm)
    Rule: board setup constraints silk text height; warning
    @(167.5000 mm, 131.0000 mm): Reference field of WH3
[text_thickness]: Text thickness out of range (board setup constraints silk text thickness min thickness 0.0800 mm; actual 0.0750 mm)
    Rule: board setup constraints silk text thickness; warning
    @(173.5000 mm, 131.0000 mm): Value field of WH3 (DP_SRC)
[text_height]: Text height out of range (board setup constraints silk text height min height 0.8000 mm; actual 0.6000 mm)
    Rule: board setup constraints silk text height; warning
    @(173.5000 mm, 131.0000 mm): Value field of WH3 (DP_SRC)
[text_height]: Text height out of range (board setup constraints silk text height min height 0.8000 mm; actual 0.7000 mm)
    Rule: board setup constraints silk text height; warning
    @(202.0000 mm, 132.5000 mm): Reference field of R12
[text_height]: Text height out of range (board setup constraints silk text height min height 0.8000 mm; actual 0.7000 mm)
    Rule: board setup constraints silk text height; warning
    @(214.0000 mm, 122.0000 mm): Reference field of LED4
[text_height]: Text height out of range (board setup constraints silk text height min height 0.8000 mm; actual 0.7000 mm)
    Rule: board setup constraints silk text height; warning
    @(202.0000 mm, 122.0000 mm): Reference field of LED7
[text_height]: Text height out of range (board setup constraints silk text height min height 0.8000 mm; actual 0.7000 mm)
    Rule: board setup constraints silk text height; warning
    @(202.5000 mm, 146.0000 mm): Reference field of TP3
[text_thickness]: Text thickness out of range (board setup constraints silk text thickness min thickness 0.0800 mm; actual 0.0750 mm)
    Rule: board setup constraints silk text thickness; warning
    @(202.5000 mm, 149.5000 mm): Value field of TP3 (TP_GND)
[text_height]: Text height out of range (board setup constraints silk text height min height 0.8000 mm; actual 0.6000 mm)
    Rule: board setup constraints silk text height; warning
    @(202.5000 mm, 149.5000 mm): Value field of TP3 (TP_GND)
[text_height]: Text height out of range (board setup constraints silk text height min height 0.8000 mm; actual 0.7000 mm)
    Rule: board setup constraints silk text height; warning
    @(220.0000 mm, 132.5000 mm): Reference field of R10
[text_thickness]: Text thickness out of range (board setup constraints silk text thickness min thickness 0.0800 mm; actual 0.0750 mm)
    Rule: board setup constraints silk text thickness; warning
    @(249.0000 mm, 139.0000 mm): Reference field of WH12
[text_height]: Text height out of range (board setup constraints silk text height min height 0.8000 mm; actual 0.6000 mm)
    Rule: board setup constraints silk text height; warning
    @(249.0000 mm, 139.0000 mm): Reference field of WH12
[text_thickness]: Text thickness out of range (board setup constraints silk text thickness min thickness 0.0800 mm; actual 0.0750 mm)
    Rule: board setup constraints silk text thickness; warning
    @(242.0000 mm, 138.5000 mm): Value field of WH12 (CC2_DEV)
[text_height]: Text height out of range (board setup constraints silk text height min height 0.8000 mm; actual 0.6000 mm)
    Rule: board setup constraints silk text height; warning
    @(242.0000 mm, 138.5000 mm): Value field of WH12 (CC2_DEV)
[text_height]: Text height out of range (board setup constraints silk text height min height 0.8000 mm; actual 0.7000 mm)
    Rule: board setup constraints silk text height; warning
    @(214.0000 mm, 132.5000 mm): Reference field of R9
[text_thickness]: Text thickness out of range (board setup constraints silk text thickness min thickness 0.0800 mm; actual 0.0750 mm)
    Rule: board setup constraints silk text thickness; warning
    @(167.5000 mm, 136.0000 mm): Reference field of WH5
[text_height]: Text height out of range (board setup constraints silk text height min height 0.8000 mm; actual 0.6000 mm)
    Rule: board setup constraints silk text height; warning
    @(167.5000 mm, 136.0000 mm): Reference field of WH5
[text_thickness]: Text thickness out of range (board setup constraints silk text thickness min thickness 0.0800 mm; actual 0.0750 mm)
    Rule: board setup constraints silk text thickness; warning
    @(174.0000 mm, 136.0000 mm): Value field of WH5 (CC1_SRC)
[text_height]: Text height out of range (board setup constraints silk text height min height 0.8000 mm; actual 0.6000 mm)
    Rule: board setup constraints silk text height; warning
    @(174.0000 mm, 136.0000 mm): Value field of WH5 (CC1_SRC)
[text_thickness]: Text thickness out of range (board setup constraints silk text thickness min thickness 0.0800 mm; actual 0.0750 mm)
    Rule: board setup constraints silk text thickness; warning
    @(167.5000 mm, 139.0000 mm): Reference field of WH6
[text_height]: Text height out of range (board setup constraints silk text height min height 0.8000 mm; actual 0.6000 mm)
    Rule: board setup constraints silk text height; warning
    @(167.5000 mm, 139.0000 mm): Reference field of WH6
[text_thickness]: Text thickness out of range (board setup constraints silk text thickness min thickness 0.0800 mm; actual 0.0750 mm)
    Rule: board setup constraints silk text thickness; warning
    @(174.0000 mm, 138.5000 mm): Value field of WH6 (CC2_SRC)
[text_height]: Text height out of range (board setup constraints silk text height min height 0.8000 mm; actual 0.6000 mm)
    Rule: board setup constraints silk text height; warning
    @(174.0000 mm, 138.5000 mm): Value field of WH6 (CC2_SRC)
[text_thickness]: Text thickness out of range (board setup constraints silk text thickness min thickness 0.0800 mm; actual 0.0750 mm)
    Rule: board setup constraints silk text thickness; warning
    @(248.5000 mm, 134.0000 mm): Reference field of WH10
[text_height]: Text height out of range (board setup constraints silk text height min height 0.8000 mm; actual 0.6000 mm)
    Rule: board setup constraints silk text height; warning
    @(248.5000 mm, 134.0000 mm): Reference field of WH10
[text_thickness]: Text thickness out of range (board setup constraints silk text thickness min thickness 0.0800 mm; actual 0.0750 mm)
    Rule: board setup constraints silk text thickness; warning
    @(242.5000 mm, 133.5000 mm): Value field of WH10 (DM_DEV)
[text_height]: Text height out of range (board setup constraints silk text height min height 0.8000 mm; actual 0.6000 mm)
    Rule: board setup constraints silk text height; warning
    @(242.5000 mm, 133.5000 mm): Value field of WH10 (DM_DEV)
[text_thickness]: Text thickness out of range (board setup constraints silk text thickness min thickness 0.0800 mm; actual 0.0750 mm)
    Rule: board setup constraints silk text thickness; warning
    @(248.5000 mm, 131.0000 mm): Reference field of WH9
[text_height]: Text height out of range (board setup constraints silk text height min height 0.8000 mm; actual 0.6000 mm)
    Rule: board setup constraints silk text height; warning
    @(248.5000 mm, 131.0000 mm): Reference field of WH9
[text_thickness]: Text thickness out of range (board setup constraints silk text thickness min thickness 0.0800 mm; actual 0.0750 mm)
    Rule: board setup constraints silk text thickness; warning
    @(242.5000 mm, 131.0000 mm): Value field of WH9 (DP_DEV)
[text_height]: Text height out of range (board setup constraints silk text height min height 0.8000 mm; actual 0.6000 mm)
    Rule: board setup constraints silk text height; warning
    @(242.5000 mm, 131.0000 mm): Value field of WH9 (DP_DEV)
[text_thickness]: Text thickness out of range (board setup constraints silk text thickness min thickness 0.0800 mm; actual 0.0750 mm)
    Rule: board setup constraints silk text thickness; warning
    @(249.0000 mm, 136.5000 mm): Reference field of WH11
[text_height]: Text height out of range (board setup constraints silk text height min height 0.8000 mm; actual 0.6000 mm)
    Rule: board setup constraints silk text height; warning
    @(249.0000 mm, 136.5000 mm): Reference field of WH11
[text_thickness]: Text thickness out of range (board setup constraints silk text thickness min thickness 0.0800 mm; actual 0.0750 mm)
    Rule: board setup constraints silk text thickness; warning
    @(242.0000 mm, 136.5000 mm): Value field of WH11 (CC1_DEV)
[text_height]: Text height out of range (board setup constraints silk text height min height 0.8000 mm; actual 0.6000 mm)
    Rule: board setup constraints silk text height; warning
    @(242.0000 mm, 136.5000 mm): Value field of WH11 (CC1_DEV)
[text_height]: Text height out of range (board setup constraints silk text height min height 0.8000 mm; actual 0.7000 mm)
    Rule: board setup constraints silk text height; warning
    @(228.5000 mm, 146.5000 mm): Reference field of TP5
[text_thickness]: Text thickness out of range (board setup constraints silk text thickness min thickness 0.0800 mm; actual 0.0750 mm)
    Rule: board setup constraints silk text thickness; warning
    @(228.5000 mm, 150.0000 mm): Value field of TP5 (TP_DM)
[text_height]: Text height out of range (board setup constraints silk text height min height 0.8000 mm; actual 0.6000 mm)
    Rule: board setup constraints silk text height; warning
    @(228.5000 mm, 150.0000 mm): Value field of TP5 (TP_DM)
[text_height]: Text height out of range (board setup constraints silk text height min height 0.8000 mm; actual 0.7000 mm)
    Rule: board setup constraints silk text height; warning
    @(241.0000 mm, 146.0000 mm): Reference field of TP6
[text_thickness]: Text thickness out of range (board setup constraints silk text thickness min thickness 0.0800 mm; actual 0.0750 mm)
    Rule: board setup constraints silk text thickness; warning
    @(241.0000 mm, 149.5000 mm): Value field of TP6 (TP_PG)
[text_height]: Text height out of range (board setup constraints silk text height min height 0.8000 mm; actual 0.6000 mm)
    Rule: board setup constraints silk text height; warning
    @(241.0000 mm, 149.5000 mm): Value field of TP6 (TP_PG)
[text_height]: Text height out of range (board setup constraints silk text height min height 0.8000 mm; actual 0.7000 mm)
    Rule: board setup constraints silk text height; warning
    @(178.0000 mm, 146.0000 mm): Reference field of TP1
[text_thickness]: Text thickness out of range (board setup constraints silk text thickness min thickness 0.0800 mm; actual 0.0750 mm)
    Rule: board setup constraints silk text thickness; warning
    @(176.5000 mm, 149.5000 mm): Value field of TP1 (TP_VBUS_IN)
[text_height]: Text height out of range (board setup constraints silk text height min height 0.8000 mm; actual 0.6000 mm)
    Rule: board setup constraints silk text height; warning
    @(176.5000 mm, 149.5000 mm): Value field of TP1 (TP_VBUS_IN)
[text_height]: Text height out of range (board setup constraints silk text height min height 0.8000 mm; actual 0.7000 mm)
    Rule: board setup constraints silk text height; warning
    @(208.0000 mm, 122.0000 mm): Reference field of LED3
[text_height]: Text height out of range (board setup constraints silk text height min height 0.8000 mm; actual 0.7000 mm)
    Rule: board setup constraints silk text height; warning
    @(220.0000 mm, 122.0000 mm): Reference field of LED5
[text_height]: Text height out of range (board setup constraints silk text height min height 0.8000 mm; actual 0.7000 mm)
    Rule: board setup constraints silk text height; warning
    @(215.5000 mm, 147.0000 mm): Reference field of TP4
[text_thickness]: Text thickness out of range (board setup constraints silk text thickness min thickness 0.0800 mm; actual 0.0750 mm)
    Rule: board setup constraints silk text thickness; warning
    @(215.5000 mm, 150.5000 mm): Value field of TP4 (TP_DP)
[text_height]: Text height out of range (board setup constraints silk text height min height 0.8000 mm; actual 0.6000 mm)
    Rule: board setup constraints silk text height; warning
    @(215.5000 mm, 150.5000 mm): Value field of TP4 (TP_DP)
[text_thickness]: Text thickness out of range (board setup constraints silk text thickness min thickness 0.0800 mm; actual 0.0750 mm)
    Rule: board setup constraints silk text thickness; warning
    @(248.5000 mm, 126.0000 mm): Reference field of WH7
[text_height]: Text height out of range (board setup constraints silk text height min height 0.8000 mm; actual 0.6000 mm)
    Rule: board setup constraints silk text height; warning
    @(248.5000 mm, 126.0000 mm): Reference field of WH7
[text_thickness]: Text thickness out of range (board setup constraints silk text thickness min thickness 0.0800 mm; actual 0.0750 mm)
    Rule: board setup constraints silk text thickness; warning
    @(243.5000 mm, 126.0000 mm): Value field of WH7 (VBUS)
[text_height]: Text height out of range (board setup constraints silk text height min height 0.8000 mm; actual 0.6000 mm)
    Rule: board setup constraints silk text height; warning
    @(243.5000 mm, 126.0000 mm): Value field of WH7 (VBUS)
[text_height]: Text height out of range (board setup constraints silk text height min height 0.8000 mm; actual 0.7000 mm)
    Rule: board setup constraints silk text height; warning
    @(225.5000 mm, 122.0000 mm): Reference field of LED6
[text_height]: Text height out of range (board setup constraints silk text height min height 0.8000 mm; actual 0.7000 mm)
    Rule: board setup constraints silk text height; warning
    @(189.5000 mm, 146.0000 mm): Reference field of TP2
[text_thickness]: Text thickness out of range (board setup constraints silk text thickness min thickness 0.0800 mm; actual 0.0750 mm)
    Rule: board setup constraints silk text thickness; warning
    @(189.5000 mm, 149.5000 mm): Value field of TP2 (TP_VBUS)
[text_height]: Text height out of range (board setup constraints silk text height min height 0.8000 mm; actual 0.6000 mm)
    Rule: board setup constraints silk text height; warning
    @(189.5000 mm, 149.5000 mm): Value field of TP2 (TP_VBUS)
[text_height]: Text height out of range (board setup constraints silk text height min height 0.8000 mm; actual 0.7000 mm)
    Rule: board setup constraints silk text height; warning
    @(226.0000 mm, 132.5000 mm): Reference field of R11
[text_height]: Text height out of range (board setup constraints silk text height min height 0.8000 mm; actual 0.7000 mm)
    Rule: board setup constraints silk text height; warning
    @(208.0000 mm, 132.5000 mm): Reference field of R8
[text_height]: Text height out of range (board setup constraints silk text height min height 0.8000 mm; actual 0.7000 mm)
    Rule: board setup constraints silk text height; warning
    @(190.0000 mm, 122.5000 mm): Reference field of LED1
[text_thickness]: Text thickness out of range (board setup constraints silk text thickness min thickness 0.0800 mm; actual 0.0750 mm)
    Rule: board setup constraints silk text thickness; warning
    @(248.5000 mm, 128.5000 mm): Reference field of WH8
[text_height]: Text height out of range (board setup constraints silk text height min height 0.8000 mm; actual 0.6000 mm)
    Rule: board setup constraints silk text height; warning
    @(248.5000 mm, 128.5000 mm): Reference field of WH8
[text_thickness]: Text thickness out of range (board setup constraints silk text thickness min thickness 0.0800 mm; actual 0.0750 mm)
    Rule: board setup constraints silk text thickness; warning
    @(243.5000 mm, 128.5000 mm): Value field of WH8 (GND)
[text_height]: Text height out of range (board setup constraints silk text height min height 0.8000 mm; actual 0.6000 mm)
    Rule: board setup constraints silk text height; warning
    @(243.5000 mm, 128.5000 mm): Value field of WH8 (GND)
[text_height]: Text height out of range (board setup constraints silk text height min height 0.8000 mm; actual 0.7000 mm)
    Rule: board setup constraints silk text height; warning
    @(196.0000 mm, 122.0000 mm): Reference field of LED2
[text_thickness]: Text thickness out of range (board setup constraints silk text thickness min thickness 0.0800 mm; actual 0.0750 mm)
    Rule: board setup constraints silk text thickness; warning
    @(167.5000 mm, 126.0000 mm): Reference field of WH1
[text_height]: Text height out of range (board setup constraints silk text height min height 0.8000 mm; actual 0.6000 mm)
    Rule: board setup constraints silk text height; warning
    @(167.5000 mm, 126.0000 mm): Reference field of WH1
[text_thickness]: Text thickness out of range (board setup constraints silk text thickness min thickness 0.0800 mm; actual 0.0750 mm)
    Rule: board setup constraints silk text thickness; warning
    @(173.5000 mm, 126.0000 mm): Value field of WH1 (VBUS_IN)
[text_height]: Text height out of range (board setup constraints silk text height min height 0.8000 mm; actual 0.6000 mm)
    Rule: board setup constraints silk text height; warning
    @(173.5000 mm, 126.0000 mm): Value field of WH1 (VBUS_IN)
[text_thickness]: Text thickness out of range (board setup constraints silk text thickness min thickness 0.0800 mm; actual 0.0750 mm)
    Rule: board setup constraints silk text thickness; warning
    @(167.5000 mm, 128.5000 mm): Reference field of WH2
[text_height]: Text height out of range (board setup constraints silk text height min height 0.8000 mm; actual 0.6000 mm)
    Rule: board setup constraints silk text height; warning
    @(167.5000 mm, 128.5000 mm): Reference field of WH2
[text_thickness]: Text thickness out of range (board setup constraints silk text thickness min thickness 0.0800 mm; actual 0.0750 mm)
    Rule: board setup constraints silk text thickness; warning
    @(172.5000 mm, 128.5000 mm): Value field of WH2 (GND)
[text_height]: Text height out of range (board setup constraints silk text height min height 0.8000 mm; actual 0.6000 mm)
    Rule: board setup constraints silk text height; warning
    @(172.5000 mm, 128.5000 mm): Value field of WH2 (GND)
[silk_over_copper]: Silkscreen clipped by solder mask
    Local override; warning
    @(214.0000 mm, 119.0000 mm): Segment on F.Silkscreen
[silk_over_copper]: Silkscreen clipped by solder mask
    Local override; warning
    @(169.0000 mm, 144.5000 mm): PCB text 'VB GND D+ D- C1 C2' on B.Silkscreen
[silk_over_copper]: Silkscreen clipped by solder mask
    Local override; warning
    @(194.0000 mm, 127.0000 mm): PCB text 'Your charger can't spy through this.' on B.Silkscreen
[silk_over_copper]: Silkscreen clipped by solder mask
    Local override; warning
    @(194.0000 mm, 130.0000 mm): PCB text 'Verify at verifyknot.io' on B.Silkscreen
[silk_over_copper]: Silkscreen clipped by solder mask
    Local override; warning
    @(194.0000 mm, 131.5000 mm): PCB text 'Designed for verification.' on B.Silkscreen
[silk_over_copper]: Silkscreen clipped by solder mask
    Local override; warning
    @(194.0000 mm, 141.0000 mm): PCB text 'Patent Pending' on B.Silkscreen
[silk_over_copper]: Silkscreen clipped by solder mask
    Local override; warning
    @(194.0000 mm, 125.0000 mm): PCB text 'When physics is policy, trust is optional.' on B.Silkscreen
[silk_over_copper]: Silkscreen clipped by solder mask
    Local override; warning
    @(194.0000 mm, 139.0000 mm): PCB text 'ZKNOT.IO' on B.Silkscreen
[silk_over_copper]: Silkscreen clipped by solder mask
    Local override; warning
    @(189.5000 mm, 146.0000 mm): Reference field of TP2
[silk_overlap]: Silkscreen clearance
    Rule: board setup constraints silk; warning
    @(214.0000 mm, 122.0000 mm): Reference field of LED4
    @(214.0000 mm, 119.0000 mm): Segment on F.Silkscreen
[silk_overlap]: Silkscreen clearance
    Rule: board setup constraints silk; warning
    @(174.0000 mm, 119.0000 mm): Segment on F.Silkscreen
    @(173.5000 mm, 133.5000 mm): Value field of WH4 (DM_SRC)
[silk_overlap]: Silkscreen clearance
    Rule: board setup constraints silk; warning
    @(174.0000 mm, 136.0000 mm): Value field of WH5 (CC1_SRC)
    @(174.0000 mm, 119.0000 mm): Segment on F.Silkscreen
[silk_overlap]: Silkscreen clearance
    Rule: board setup constraints silk; warning
    @(174.0000 mm, 119.0000 mm): Segment on F.Silkscreen
    @(173.5000 mm, 126.0000 mm): Value field of WH1 (VBUS_IN)
[silk_overlap]: Silkscreen clearance
    Rule: board setup constraints silk; warning
    @(174.0000 mm, 138.5000 mm): Value field of WH6 (CC2_SRC)
    @(174.0000 mm, 119.0000 mm): Segment on F.Silkscreen

** Found 0 unconnected pads **

** Found 0 Footprint errors **

** Ignored checks **
    - Footprint has no courtyard defined
    - Track endpoint not centered on via
    - Tuning profile track geometries
    - Footprint doesn't match symbol's footprint filters
    - Footprint component type doesn't match footprint pads

** End of Report **
